// Jest Snapshot v1, https://goo.gl/fbAQLP

exports[`Stage Component renders UI as expected 1`] = `
<section
  className="stage"
/>
`;
